PASS JXL01-G001 spec ABI title
PASS JXL01-G002 encoder wasm identity
PASS JXL01-G003 decoder wasm identity
PASS JXL01-G004 encoder decoder distinct
PASS JXL01-G005 ABI preserved
PASS JXL01-G006 pthread pool four
PASS JXL01-G007 encoder tracker
PASS JXL01-G008 encoder COI
PASS JXL01-G009 decoder exact
PASS JXL01-G010 decoder no browser surface
PASS JXL01-G011 decoder copy
PASS JXL01-G012 decoder worker
PASS JXL01-G013 decoder generation
PASS JXL01-G014 registry disposal
PASS JXL01-G015 authority adoption
PASS JXL01-G016 auxiliary manifest
PASS JXL01-G017 build emit integration
PASS JXL01-G018 stable error count 52
PASS JXL01-G019 decoder export
PASS JXL01-G020 decoder memory
PASS JXL01-G021 decoder no encoder ABI
PASS JXL01-G022 encoder pthread imports
PASS JXL01-G023 decoder import identity
PASS JXL01-G024 runtime tests 168
PASS JXL01-G025 package source script
PASS JXL01-G026 build emit manifest generation
PASS JXL01-G027 receipt adoption
PASS JXL01-G028 metadata verifier
PASS JXL01-G029 roundtrip verifier
PASS JXL01-G030 decoder manifest file
PASS JXL01-G031 stable E_JXL_WORKER_UNAVAILABLE
PASS JXL01-G032 stable E_JXL_WASM_INIT_FAILED
PASS JXL01-G033 stable E_JXL_ABI_SYMBOL_MISSING
PASS JXL01-G034 stable E_JXL_ABI_SELF_TEST_FAILED
PASS JXL01-G035 stable E_JXL_SHARED_MEMORY_UNAVAILABLE
PASS JXL01-G036 stable E_JXL_PTHREAD_POOL_INIT_FAILED
PASS JXL01-G037 stable E_JXL_THREAD_REQUEST_EXCEEDS_POOL
PASS JXL01-G038 stable E_JXL_LOSSY_MODE_NOT_PROMOTED
PASS JXL01-G039 stable E_JXL_LOSSLESS_PARAMETER_CONFLICT
PASS JXL01-G040 stable E_JXL_PARAMETER_OUT_OF_RANGE
PASS JXL01-G041 stable E_JXL_INPUT_STORAGE_UNSUPPORTED
PASS JXL01-G042 stable E_JXL_INPUT_LENGTH_MISMATCH
PASS JXL01-G043 stable E_JXL_FLOAT_INPUT_UNSUPPORTED
PASS JXL01-G044 stable E_JXL_16BIT_ABI_UNVERIFIED
PASS JXL01-G045 stable E_JXL_CUSTOM_ICC_UNSUPPORTED
PASS JXL01-G046 stable E_JXL_ENCODE_EMPTY
PASS JXL01-G047 stable E_JXL_ENCODE_FAILED
PASS JXL01-G048 stable E_JXL_OUTPUT_POINTER_INVALID
PASS JXL01-G049 stable E_JXL_CONTAINER_INVALID
PASS JXL01-G050 stable E_JXL_CONTAINER_BOX_TRUNCATED
PASS JXL01-G051 stable E_JXL_CONTAINER_CARRIER_CONFLICT
PASS JXL01-G052 stable E_JXL_METADATA_DUPLICATE
PASS JXL01-G053 stable E_JXL_RESOLUTION_MISMATCH
PASS JXL01-G054 stable E_JXL_ROUNDTRIP_MISMATCH
PASS JXL01-G055 stable E_JXL_HIDDEN_RGB_MISMATCH
PASS JXL01-G056 stable E_JXL_OUTPUT_MUTATED_AFTER_WORKER
PASS JXL01-G057 stable E_JXL_PTHREAD_LEAK
PASS JXL01-G058 stable E_JXL_PTHREAD_CHILD_WORKER_UNAVAILABLE
PASS JXL01-G059 stable E_JXL_PTHREAD_POOL_MISMATCH
PASS JXL01-G060 stable E_JXL_PTHREAD_GENERATION_STALE
PASS JXL01-G061 stable E_JXL_SHARED_MEMORY_REACHABLE_AFTER_DISPOSE
PASS JXL01-G062 stable E_JXL_INDEPENDENT_INPUT_INVALID
PASS JXL01-G063 stable E_JXL_INDEPENDENT_DECODER_INIT_FAILED
PASS JXL01-G064 stable E_JXL_INDEPENDENT_DECODER_UNAVAILABLE
PASS JXL01-G065 stable E_JXL_INDEPENDENT_DECODE_FAILED
PASS JXL01-G066 stable E_JXL_INDEPENDENT_DECODE_TIMEOUT
PASS JXL01-G067 stable E_JXL_INDEPENDENT_SURFACE_INVALID
PASS JXL01-G068 stable E_JXL_DECODER_GENERATION_CLOSED
PASS JXL01-G069 stable E_JXL_DECODER_OPERATION_FORBIDDEN
PASS JXL01-G070 stable E_JXL_DECODER_STALE_RESULT
PASS JXL01-G071 stable E_JXL_DECODER_ARTIFACT_MISMATCH
PASS JXL01-G072 stable E_JXL_DECODER_WASM_MISSING
PASS JXL01-G073 stable E_JXL_DECODER_WASM_DIGEST_MISMATCH
PASS JXL01-G074 stable E_JXL_DECODER_OUTPUT_LENGTH_MISMATCH
PASS JXL01-G075 stable E_JXL_DECODER_OUTPUT_STORAGE_MISMATCH
PASS JXL01-G076 stable E_JXL_DECODER_FALLBACK_FORBIDDEN
PASS JXL01-G077 stable E_JXL_DECODER_BROWSER_PATH_FORBIDDEN
PASS JXL01-G078 stable E_JXL_CONTAINER_FTYP_INVALID
PASS JXL01-G079 stable E_JXL_CONTAINER_PART_INDEX_INVALID
PASS JXL01-G080 stable E_JXL_METADATA_MISSING
PASS JXL01-G081 stable E_JXL_METADATA_MISMATCH
PASS JXL01-G082 stable E_JXL_REPEATABILITY_MISMATCH
PASS JXL01-G083 sealed TDT_JXL_CODEC_01_SOURCE_INPUT_REPORT.json
PASS JXL01-G084 sealed TDT_JXL_CODEC_01_ARTIFACT_IDENTITY_REPORT.json
PASS JXL01-G085 sealed TDT_JXL_CODEC_01_ABI_PRESERVATION_REPORT.json
PASS JXL01-G086 sealed TDT_JXL_CODEC_01_ENCODER_PTHREAD_REPORT.json
PASS JXL01-G087 sealed TDT_JXL_CODEC_01_ENCODER_GENERATION_REPORT.json
PASS JXL01-G088 sealed TDT_JXL_CODEC_01_DECODER_ARTIFACT_REPORT.json
PASS JXL01-G089 sealed TDT_JXL_CODEC_01_DECODER_WORKER_REPORT.json
PASS JXL01-G090 sealed TDT_JXL_CODEC_01_DECODER_GENERATION_REPORT.json
PASS JXL01-G091 sealed TDT_JXL_CODEC_01_INDEPENDENCE_REPORT.json
PASS JXL01-G092 sealed TDT_JXL_CODEC_01_EXACT_RGBA8_REPORT.json
PASS JXL01-G093 sealed TDT_JXL_CODEC_01_HIDDEN_RGB_REPORT.json
PASS JXL01-G094 sealed TDT_JXL_CODEC_01_CONTAINER_STRUCTURE_REPORT.json
PASS JXL01-G095 sealed TDT_JXL_CODEC_01_METADATA_REPORT.json
PASS JXL01-G096 sealed TDT_JXL_CODEC_01_COLOR_ENCODING_REPORT.json
PASS JXL01-G097 sealed TDT_JXL_CODEC_01_CANCELABILITY_REPORT.json
PASS JXL01-G098 sealed TDT_JXL_CODEC_01_OUTPUT_IDENTITY_REPORT.json
PASS JXL01-G099 sealed TDT_JXL_CODEC_01_REPEATABILITY_REPORT.json
PASS JXL01-G100 sealed TDT_JXL_CODEC_01_BUILD_EMIT_CLOSURE_REPORT.json
PASS JXL01-G101 sealed TDT_JXL_CODEC_01_COI_ROUTE_REPORT.json
PASS JXL01-G102 sealed TDT_JXL_CODEC_01_EP03_INTEGRATION_REPORT.json
PASS JXL01-G103 sealed TDT_JXL_CODEC_01_PROMOTION_RECEIPT.json
PASS JXL01-G104 sealed TDT_JXL_CODEC_01_FIX_RECEIPT.json
PASS JXL01-G105 promotion blocked truth
PASS JXL01-G106 fix source truth
PASS JXL01-G107 output identity not claimed
PASS JXL01-G108 production closure not claimed
PASS TDT-JXL-CODEC-01 GATES 108/108
