PASS PSD01-G001 spec title
PASS PSD01-G002 spec exact plane
PASS PSD01-G003 direct parser
PASS PSD01-G004 presentation excluded
PASS PSD01-G005 raw rle
PASS PSD01-G006 rgb16 exact
PASS PSD01-G007 cmyk exact
PASS PSD01-G008 resource truth
PASS PSD01-G009 layer truth
PASS PSD01-G010 worker identity
PASS PSD01-G011 worker protocol
PASS PSD01-G012 profile worker URL
PASS PSD01-G013 generation closure
PASS PSD01-G014 registry dispose
PASS PSD01-G015 worker transfer closure
PASS PSD01-G016 PSB fail closed
PASS PSD01-G017 ZIP fail closed
PASS PSD01-G018 ZIP prediction fail closed
PASS PSD01-G019 no ImageBitmap
PASS PSD01-G020 no rgba16float
PASS PSD01-G021 stale generation reject
PASS PSD01-G022 pending clear after reject
PASS PSD01-G023 source manifest
PASS PSD01-G024 package source script
PASS PSD01-G025 build emit source manifest
PASS PSD01-G026 runtime tests 176
PASS PSD01-G027 stable E_PSD_DECODER_ABI_INSUFFICIENT
PASS PSD01-G028 stable E_PSD_DECODER_ABI_MISMATCH
PASS PSD01-G029 stable E_PSD_DECODER_ALPHA_CONTRACT_MISMATCH
PASS PSD01-G030 stable E_PSD_DECODER_ARTIFACT_HASH_MISMATCH
PASS PSD01-G031 stable E_PSD_DECODER_ARTIFACT_MISSING
PASS PSD01-G032 stable E_PSD_DECODER_BROWSER_FALLBACK_FORBIDDEN
PASS PSD01-G033 stable E_PSD_DECODER_CANCELLED
PASS PSD01-G034 stable E_PSD_DECODER_CAPABILITY_UNVERIFIED
PASS PSD01-G035 stable E_PSD_DECODER_CHANNEL_BUDGET_EXCEEDED
PASS PSD01-G036 stable E_PSD_DECODER_CMYK_POLICY_UNDECLARED
PASS PSD01-G037 stable E_PSD_DECODER_COMPOSITE_MISSING
PASS PSD01-G038 stable E_PSD_DECODER_COMPRESSION_UNSUPPORTED
PASS PSD01-G039 stable E_PSD_DECODER_DIMENSION_INVALID
PASS PSD01-G040 stable E_PSD_DECODER_EMITTED_ARTIFACT_MISMATCH
PASS PSD01-G041 stable E_PSD_DECODER_EXACT_SURFACE_MISSING
PASS PSD01-G042 stable E_PSD_DECODER_FORMAT_HINT_MISMATCH
PASS PSD01-G043 stable E_PSD_DECODER_GENERATION_CLOSURE_FAILED
PASS PSD01-G044 stable E_PSD_DECODER_HEADER_INVALID
PASS PSD01-G045 stable E_PSD_DECODER_HIDDEN_RGB_MISMATCH
PASS PSD01-G046 stable E_PSD_DECODER_ICC_BUDGET_EXCEEDED
PASS PSD01-G047 stable E_PSD_DECODER_ICC_RESOURCE_MISMATCH
PASS PSD01-G048 stable E_PSD_DECODER_INPUT_DIGEST_MISMATCH
PASS PSD01-G049 stable E_PSD_DECODER_INPUT_LENGTH_MISMATCH
PASS PSD01-G050 stable E_PSD_DECODER_INPUT_TOO_LARGE
PASS PSD01-G051 stable E_PSD_DECODER_LAYER_BUDGET_EXCEEDED
PASS PSD01-G052 stable E_PSD_DECODER_LAYER_CHANNEL_INVALID
PASS PSD01-G053 stable E_PSD_DECODER_LAYER_COMPOSITE_MISMATCH
PASS PSD01-G054 stable E_PSD_DECODER_LAYER_RECORD_INVALID
PASS PSD01-G055 stable E_PSD_DECODER_MEMORY_LEAK
PASS PSD01-G056 stable E_PSD_DECODER_NOT_PROMOTED
PASS PSD01-G057 stable E_PSD_DECODER_PACKAGE_ROUTE_MISSING
PASS PSD01-G058 stable E_PSD_DECODER_PENDING_JOB_LEAK
PASS PSD01-G059 stable E_PSD_DECODER_PIXEL_BUDGET_EXCEEDED
PASS PSD01-G060 stable E_PSD_DECODER_PLANE_DIGEST_MISMATCH
PASS PSD01-G061 stable E_PSD_DECODER_PLANE_LENGTH_MISMATCH
PASS PSD01-G062 stable E_PSD_DECODER_PRESENTATION_SURFACE_FORBIDDEN
PASS PSD01-G063 stable E_PSD_DECODER_PROMOTION_BLOCKED
PASS PSD01-G064 stable E_PSD_DECODER_READY_EVIDENCE_MISSING
PASS PSD01-G065 stable E_PSD_DECODER_REQUEST_DIGEST_MISMATCH
PASS PSD01-G066 stable E_PSD_DECODER_REQUEST_VERSION_UNSUPPORTED
PASS PSD01-G067 stable E_PSD_DECODER_RESERVED_BYTES_INVALID
PASS PSD01-G068 stable E_PSD_DECODER_RESOLUTION_RESOURCE_MISMATCH
PASS PSD01-G069 stable E_PSD_DECODER_RESOURCE_BUDGET_EXCEEDED
PASS PSD01-G070 stable E_PSD_DECODER_RESOURCE_DUPLICATE
PASS PSD01-G071 stable E_PSD_DECODER_RESOURCE_INVALID
PASS PSD01-G072 stable E_PSD_DECODER_RGB16_EXACTNESS_FAILED
PASS PSD01-G073 stable E_PSD_DECODER_RLE_OUTPUT_LENGTH_MISMATCH
PASS PSD01-G074 stable E_PSD_DECODER_RLE_ROW_INVALID
PASS PSD01-G075 stable E_PSD_DECODER_RLE_TABLE_INVALID
PASS PSD01-G076 stable E_PSD_DECODER_ROUNDTRIP_NOT_EXECUTED
PASS PSD01-G077 stable E_PSD_DECODER_SECTION_BOUNDS_INVALID
PASS PSD01-G078 stable E_PSD_DECODER_SECTION_OVERLAP
PASS PSD01-G079 stable E_PSD_DECODER_SERIALIZER_FALLBACK_FORBIDDEN
PASS PSD01-G080 stable E_PSD_DECODER_SIGNATURE_INVALID
PASS PSD01-G081 stable E_PSD_DECODER_STALE_GENERATION_RESULT
PASS PSD01-G082 stable E_PSD_DECODER_TIMEOUT
PASS PSD01-G083 stable E_PSD_DECODER_TRAILING_BYTES
PASS PSD01-G084 stable E_PSD_DECODER_VERSION_UNSUPPORTED
PASS PSD01-G085 stable E_PSD_DECODER_WORKER_CRASHED
PASS PSD01-G086 stable E_PSD_DECODER_ZIP_INVALID
PASS PSD01-G087 stable E_PSD_DECODER_ZIP_OUTPUT_LENGTH_MISMATCH
PASS PSD01-G088 stable E_PSD_DECODER_ZIP_PREDICTION_INVALID
PASS PSD01-G089 stable E_PSD_DECODER_INTERNAL
PASS PSD01-G090 sealed TDT_PSD_DECODER_01_ARTIFACT_IDENTITY_REPORT.json
PASS PSD01-G091 sealed TDT_PSD_DECODER_01_ABI_CAPABILITY_REPORT.json
PASS PSD01-G092 sealed TDT_PSD_DECODER_01_COMPRESSION_MATRIX_REPORT.json
PASS PSD01-G093 sealed TDT_PSD_DECODER_01_EXACT_PLANE_REPORT.json
PASS PSD01-G094 sealed TDT_PSD_DECODER_01_RGB16_REPORT.json
PASS PSD01-G095 sealed TDT_PSD_DECODER_01_CMYK_REPORT.json
PASS PSD01-G096 sealed TDT_PSD_DECODER_01_LAYER_COMPOSITE_REPORT.json
PASS PSD01-G097 sealed TDT_PSD_DECODER_01_RESOURCE_METADATA_REPORT.json
PASS PSD01-G098 sealed TDT_PSD_DECODER_01_HIDDEN_RGB_REPORT.json
PASS PSD01-G099 sealed TDT_PSD_DECODER_01_GENERATION_CLOSURE_REPORT.json
PASS PSD01-G100 sealed TDT_PSD_DECODER_01_INDEPENDENCE_REPORT.json
PASS PSD01-G101 sealed TDT_PSD_DECODER_01_EXPORT_ROUNDTRIP_REPORT.json
PASS PSD01-G102 sealed TDT_PSD_DECODER_01_REPEATABILITY_REPORT.json
PASS PSD01-G103 sealed TDT_PSD_DECODER_01_BUILD_EMIT_CLOSURE_REPORT.json
PASS PSD01-G104 sealed TDT_PSD_DECODER_01_PACKAGED_RUNTIME_REPORT.json
PASS PSD01-G105 sealed TDT_PSD_DECODER_01_PROMOTION_RECEIPT.json
PASS PSD01-G106 promotion blocked truth
PASS PSD01-G107 fix source truth
PASS PSD01-G108 production evidence not claimed
PASS PSD01-G109 source invariant 109
PASS PSD01-G110 source invariant 110
PASS PSD01-G111 source invariant 111
PASS PSD01-G112 source invariant 112
PASS TDT-PSD-DECODER-01 GATES 112/112
