mnt/data/tdt_bkr05_bake/app/src/runtime/gpu/gpu-device-authority-service.ts(650,16): error TS2339: Property '__DADUM_GPU_AUTHORITY_BRIDGE__' does not exist on type 'Window & typeof globalThis'.
mnt/data/tdt_bkr05_bake/app/src/runtime/gpu/gpu-device-authority-service.ts(650,97): error TS2339: Property '__DADUM_GPU_AUTHORITY_BRIDGE__' does not exist on type 'Window & typeof globalThis'.
mnt/data/tdt_bkr05_bake/app/src/runtime/gpu/gpu-device-authority-service.ts(686,16): error TS2339: Property '__DADUM_GPU_AUTHORITY_BRIDGE__' does not exist on type 'Window & typeof globalThis'.
mnt/data/tdt_bkr05_bake/app/src/runtime/gpu/gpu-device-authority-service.ts(688,12): error TS2339: Property '__DADUM_GPU_AUTHORITY_BRIDGE__' does not exist on type 'Window & typeof globalThis'.
mnt/data/tdt_bkr05_bake/app/src/runtime/pipeline/legacy-final-surface-bridge-service.ts(175,12): error TS2339: Property 'DadumRuntimeBridge' does not exist on type 'Window & typeof globalThis'.
mnt/data/tdt_bkr05_bake/app/src/runtime/pipeline/legacy-final-surface-bridge-service.ts(183,16): error TS2339: Property 'DadumRuntimeBridge' does not exist on type 'Window & typeof globalThis'.
mnt/data/tdt_bkr05_bake/app/src/runtime/pipeline/legacy-final-surface-bridge-service.ts(183,93): error TS2339: Property 'DadumRuntimeBridge' does not exist on type 'Window & typeof globalThis'.
mnt/data/tdt_bkr05_bake/app/src/runtime/pipeline/legacy-final-surface-bridge-service.ts(184,19): error TS2339: Property '__DADUM_FILTERED_SURFACE__' does not exist on type 'Window & typeof globalThis'.
mnt/data/tdt_bkr05_bake/app/src/runtime/pipeline/legacy-final-surface-bridge-service.ts(185,19): error TS2339: Property '__DADUM_FILTERED_EXPORT_SOURCE__' does not exist on type 'Window & typeof globalThis'.
mnt/data/tdt_bkr05_bake/app/src/runtime/pipeline/legacy-final-surface-bridge-service.ts(186,19): error TS2339: Property '__DADUM_FILTERED_RGBA8__' does not exist on type 'Window & typeof globalThis'.
mnt/data/tdt_bkr05_bake/app/src/runtime/pipeline/legacy-final-surface-bridge-service.ts(266,12): error TS2339: Property '__DADUM_FILTERED_SURFACE__' does not exist on type 'Window & typeof globalThis'.
mnt/data/tdt_bkr05_bake/app/src/runtime/pipeline/legacy-final-surface-bridge-service.ts(267,12): error TS2339: Property '__DADUM_FILTERED_EXPORT_SOURCE__' does not exist on type 'Window & typeof globalThis'.
mnt/data/tdt_bkr05_bake/app/src/runtime/pipeline/legacy-final-surface-bridge-service.ts(268,19): error TS2339: Property '__DADUM_FILTERED_RGBA8__' does not exist on type 'Window & typeof globalThis'.
mnt/data/tdt_bkr05_bake/app/src/runtime/resample/canonical-resample-executor-r8a.ts(72,73): error TS2345: Argument of type '"E_R8A_CANONICAL_PAYLOAD_INVALID"' is not assignable to parameter of type 'StableErrorCode'.
mnt/data/tdt_bkr05_bake/app/src/runtime/resample/canonical-resample-executor-r8a.ts(78,78): error TS2345: Argument of type '"E_R8A_CANONICAL_PAYLOAD_INVALID"' is not assignable to parameter of type 'StableErrorCode'.
mnt/data/tdt_bkr05_bake/app/src/runtime/resample/canonical-resample-executor-r8a.ts(90,61): error TS2345: Argument of type '"E_R8A_EXECUTED_IDENTITY_MISSING"' is not assignable to parameter of type 'StableErrorCode'.
mnt/data/tdt_bkr05_bake/app/src/runtime/resample/canonical-resample-executor-r8a.ts(93,34): error TS2345: Argument of type '"E_R8A_ACTUAL_IDENTITY_BUNDLE_MISSING"' is not assignable to parameter of type 'StableErrorCode'.
mnt/data/tdt_bkr05_bake/app/src/runtime/resample/canonical-resample-executor-r8a.ts(97,34): error TS2345: Argument of type '"E_R8A_ACTUAL_IDENTITY_DIGEST_MISMATCH"' is not assignable to parameter of type 'StableErrorCode'.
mnt/data/tdt_bkr05_bake/app/src/runtime/resample/canonical-resample-executor-r8a.ts(104,34): error TS2345: Argument of type '"E_R8A_RESAMPLE_RECEIPT_DIGEST_MISMATCH"' is not assignable to parameter of type 'StableErrorCode'.
mnt/data/tdt_bkr05_bake/app/src/runtime/resample/canonical-resample-executor-r8a.ts(110,34): error TS2345: Argument of type '"E_R8A_SHADER_DIGEST_SET_MISSING"' is not assignable to parameter of type 'StableErrorCode'.
mnt/data/tdt_bkr05_bake/app/src/runtime/resample/canonical-resample-executor-r8a.ts(113,34): error TS2345: Argument of type '"E_R8A_EXECUTED_KERNEL_IDENTITY_MISMATCH"' is not assignable to parameter of type 'StableErrorCode'.
mnt/data/tdt_bkr05_bake/app/src/runtime/resample/canonical-resample-executor-r8a.ts(129,36): error TS2345: Argument of type '"E_R8A_CANONICAL_REQUEST_NOT_ADMITTED"' is not assignable to parameter of type 'StableErrorCode'.
mnt/data/tdt_bkr05_bake/app/src/runtime/resample/canonical-resample-executor-r8a.ts(135,54): error TS2345: Argument of type '"E_RESAMPLE_WORKER_REQUEST_CANCELLED"' is not assignable to parameter of type 'StableErrorCode'.
mnt/data/tdt_bkr05_bake/app/src/runtime/resample/canonical-resample-executor-r8a.ts(140,54): error TS2345: Argument of type '"E_R8A_CANONICAL_SOURCE_TEXTURE_MISSING"' is not assignable to parameter of type 'StableErrorCode'.
mnt/data/tdt_bkr05_bake/app/src/runtime/resample/canonical-resample-executor-r8a.ts(147,38): error TS2345: Argument of type '"E_RESAMPLE_WORKER_DEVICE_EPOCH_STALE"' is not assignable to parameter of type 'StableErrorCode'.
mnt/data/tdt_bkr05_bake/app/src/runtime/resample/canonical-resample-executor-r8a.ts(177,54): error TS2345: Argument of type '"E_R8A_CANONICAL_OUTPUT_TEXTURE_MISSING"' is not assignable to parameter of type 'StableErrorCode'.
mnt/data/tdt_bkr05_bake/app/src/runtime/surfaces/surface-registry-authority-service.ts(233,37): error TS2345: Argument of type 'CanonicalSurfaceRegistration<TPayload>' is not assignable to parameter of type 'CanonicalSurfaceRegistration<unknown>'.
  Types of property 'dispose' are incompatible.
    Type '((payload: TPayload) => void | Promise<void>) | undefined' is not assignable to type '((payload: unknown) => void | Promise<void>) | undefined'.
      Type '(payload: TPayload) => void | Promise<void>' is not assignable to type '(payload: unknown) => void | Promise<void>'.
        Types of parameters 'payload' and 'payload' are incompatible.
          Type 'unknown' is not assignable to type 'TPayload'.
            'TPayload' could be instantiated with an arbitrary type which could be unrelated to 'unknown'.
mnt/data/tdt_bkr05_bake/app/src/runtime/surfaces/surface-registry-authority-service.ts(236,38): error TS2345: Argument of type 'CanonicalSurfaceRegistration<TPayload>' is not assignable to parameter of type 'CanonicalSurfaceRegistration<unknown>'.
  Types of property 'dispose' are incompatible.
    Type '((payload: TPayload) => void | Promise<void>) | undefined' is not assignable to type '((payload: unknown) => void | Promise<void>) | undefined'.
      Type '(payload: TPayload) => void | Promise<void>' is not assignable to type '(payload: unknown) => void | Promise<void>'.
        Types of parameters 'payload' and 'payload' are incompatible.
          Type 'unknown' is not assignable to type 'TPayload'.
            'TPayload' could be instantiated with an arbitrary type which could be unrelated to 'unknown'.
mnt/data/tdt_bkr05_bake/app/src/runtime/surfaces/surface-registry-authority-service.ts(261,62): error TS2345: Argument of type 'CanonicalSurfaceRegistration<TPayload>' is not assignable to parameter of type 'CanonicalSurfaceRegistration<unknown>'.
  Types of property 'dispose' are incompatible.
    Type '((payload: TPayload) => void | Promise<void>) | undefined' is not assignable to type '((payload: unknown) => void | Promise<void>) | undefined'.
      Type '(payload: TPayload) => void | Promise<void>' is not assignable to type '(payload: unknown) => void | Promise<void>'.
        Types of parameters 'payload' and 'payload' are incompatible.
          Type 'unknown' is not assignable to type 'TPayload'.
            'TPayload' could be instantiated with an arbitrary type which could be unrelated to 'unknown'.
mnt/data/tdt_bkr05_bake/app/src/stores/document.store.ts(1,29): error TS2307: Cannot find module 'pinia' or its corresponding type declarations.
mnt/data/tdt_bkr05_bake/app/src/stores/document.store.ts(6,53): error TS2339: Property 'metadata' does not exist on type '{ select(metadata: DocumentMetadata): void; bindSourceSurface(id: string, revision: number): void; clear(): void; }'.
mnt/data/tdt_bkr05_bake/app/src/stores/document.store.ts(6,86): error TS2551: Property 'sourceSurfaceId' does not exist on type '{ select(metadata: DocumentMetadata): void; bindSourceSurface(id: string, revision: number): void; clear(): void; }'. Did you mean 'bindSourceSurface'?
mnt/data/tdt_bkr05_bake/app/src/stores/document.store.ts(6,115): error TS2339: Property 'sourceRevision' does not exist on type '{ select(metadata: DocumentMetadata): void; bindSourceSurface(id: string, revision: number): void; clear(): void; }'.
mnt/data/tdt_bkr05_bake/app/src/stores/document.store.ts(7,66): error TS2551: Property 'sourceSurfaceId' does not exist on type '{ select(metadata: DocumentMetadata): void; bindSourceSurface(id: string, revision: number): void; clear(): void; }'. Did you mean 'bindSourceSurface'?
mnt/data/tdt_bkr05_bake/app/src/stores/document.store.ts(7,93): error TS2339: Property 'sourceRevision' does not exist on type '{ select(metadata: DocumentMetadata): void; bindSourceSurface(id: string, revision: number): void; clear(): void; }'.
mnt/data/tdt_bkr05_bake/app/src/stores/document.store.ts(8,26): error TS2339: Property 'metadata' does not exist on type '{ select(metadata: DocumentMetadata): void; bindSourceSurface(id: string, revision: number): void; clear(): void; }'.
mnt/data/tdt_bkr05_bake/app/src/stores/document.store.ts(8,48): error TS2551: Property 'sourceSurfaceId' does not exist on type '{ select(metadata: DocumentMetadata): void; bindSourceSurface(id: string, revision: number): void; clear(): void; }'. Did you mean 'bindSourceSurface'?
mnt/data/tdt_bkr05_bake/app/src/stores/document.store.ts(8,77): error TS2339: Property 'sourceRevision' does not exist on type '{ select(metadata: DocumentMetadata): void; bindSourceSurface(id: string, revision: number): void; clear(): void; }'.
mnt/data/tdt_bkr05_bake/app/src/stores/processing.store.ts(1,29): error TS2307: Cannot find module 'pinia' or its corresponding type declarations.
mnt/data/tdt_bkr05_bake/app/src/stores/processing.store.ts(15,66): error TS2339: Property 'options' does not exist on type '{ patchOptions(patch: Partial<ProcessingOptions>): void; beginJob(jobId: string): void; updateProgress(value: number): void; publishFinal(surfaceId: string, revision: number, receiptId: string): void; clearFinal(): void; }'.
mnt/data/tdt_bkr05_bake/app/src/stores/processing.store.ts(15,86): error TS2339: Property 'options' does not exist on type '{ patchOptions(patch: Partial<ProcessingOptions>): void; beginJob(jobId: string): void; updateProgress(value: number): void; publishFinal(surfaceId: string, revision: number, receiptId: string): void; clearFinal(): void; }'.
mnt/data/tdt_bkr05_bake/app/src/stores/processing.store.ts(16,42): error TS2339: Property 'activeJobId' does not exist on type '{ patchOptions(patch: Partial<ProcessingOptions>): void; beginJob(jobId: string): void; updateProgress(value: number): void; publishFinal(surfaceId: string, revision: number, receiptId: string): void; clearFinal(): void; }'.
mnt/data/tdt_bkr05_bake/app/src/stores/processing.store.ts(16,68): error TS2339: Property 'progress' does not exist on type '{ patchOptions(patch: Partial<ProcessingOptions>): void; beginJob(jobId: string): void; updateProgress(value: number): void; publishFinal(surfaceId: string, revision: number, receiptId: string): void; clearFinal(): void; }'.
mnt/data/tdt_bkr05_bake/app/src/stores/processing.store.ts(17,48): error TS2339: Property 'progress' does not exist on type '{ patchOptions(patch: Partial<ProcessingOptions>): void; beginJob(jobId: string): void; updateProgress(value: number): void; publishFinal(surfaceId: string, revision: number, receiptId: string): void; clearFinal(): void; }'.
mnt/data/tdt_bkr05_bake/app/src/stores/processing.store.ts(18,87): error TS2339: Property 'finalSurfaceId' does not exist on type '{ patchOptions(patch: Partial<ProcessingOptions>): void; beginJob(jobId: string): void; updateProgress(value: number): void; publishFinal(surfaceId: string, revision: number, receiptId: string): void; clearFinal(): void; }'.
mnt/data/tdt_bkr05_bake/app/src/stores/processing.store.ts(18,120): error TS2339: Property 'finalSurfaceRevision' does not exist on type '{ patchOptions(patch: Partial<ProcessingOptions>): void; beginJob(jobId: string): void; updateProgress(value: number): void; publishFinal(surfaceId: string, revision: number, receiptId: string): void; clearFinal(): void; }'.
mnt/data/tdt_bkr05_bake/app/src/stores/processing.store.ts(18,158): error TS2339: Property 'appliedPipelineReceiptId' does not exist on type '{ patchOptions(patch: Partial<ProcessingOptions>): void; beginJob(jobId: string): void; updateProgress(value: number): void; publishFinal(surfaceId: string, revision: number, receiptId: string): void; clearFinal(): void; }'.
mnt/data/tdt_bkr05_bake/app/src/stores/processing.store.ts(18,201): error TS2339: Property 'activeJobId' does not exist on type '{ patchOptions(patch: Partial<ProcessingOptions>): void; beginJob(jobId: string): void; updateProgress(value: number): void; publishFinal(surfaceId: string, revision: number, receiptId: string): void; clearFinal(): void; }'.
mnt/data/tdt_bkr05_bake/app/src/stores/processing.store.ts(18,226): error TS2339: Property 'progress' does not exist on type '{ patchOptions(patch: Partial<ProcessingOptions>): void; beginJob(jobId: string): void; updateProgress(value: number): void; publishFinal(surfaceId: string, revision: number, receiptId: string): void; clearFinal(): void; }'.
mnt/data/tdt_bkr05_bake/app/src/stores/processing.store.ts(19,31): error TS2339: Property 'finalSurfaceId' does not exist on type '{ patchOptions(patch: Partial<ProcessingOptions>): void; beginJob(jobId: string): void; updateProgress(value: number): void; publishFinal(surfaceId: string, revision: number, receiptId: string): void; clearFinal(): void; }'.
mnt/data/tdt_bkr05_bake/app/src/stores/processing.store.ts(19,59): error TS2339: Property 'finalSurfaceRevision' does not exist on type '{ patchOptions(patch: Partial<ProcessingOptions>): void; beginJob(jobId: string): void; updateProgress(value: number): void; publishFinal(surfaceId: string, revision: number, receiptId: string): void; clearFinal(): void; }'.
mnt/data/tdt_bkr05_bake/app/src/stores/processing.store.ts(19,90): error TS2339: Property 'appliedPipelineReceiptId' does not exist on type '{ patchOptions(patch: Partial<ProcessingOptions>): void; beginJob(jobId: string): void; updateProgress(value: number): void; publishFinal(surfaceId: string, revision: number, receiptId: string): void; clearFinal(): void; }'.
