===== R1A =====
PASS R1A source contract 40/40
PASS R1A call audit findings=5
PASS R1A mock runtime smoke
TDT-RESAMPLE-RUNTIME-01-R1A 57 PASS / 11 DEFERRED / 0 FAIL
PASS R1A source seal 3817569cb3a883f5d103e5aa0a254ad4938b80bf1a374d7ceba57a60b21bb635 files=45


EXIT=0
===== R1B =====
PASS R1B planner fixtures 75/75
PASS R1B source contract 44/44
PASS R1B mock runtime 17/17
TDT-RESAMPLE-RUNTIME-01-R1B 72 PASS / 12 DEFERRED / 0 FAIL
PASS R1B source seal 32b74e1b03308549b24959d8e1adfb84842e13821d9bbc402dbc992eeaf9ffb6 files=28


EXIT=0
===== R1C =====
PASS R1C source contract 90/90
PASS R1C tensor math 15/15
PASS R1C mock runtime 18/18
TDT-RESAMPLE-RUNTIME-01-R1C 90 PASS / 6 DEFERRED / 0 FAIL
PASS R1C source seal 65655972ac33a00802e2a5135a274f7bcc68b08ba9baa78961aa85811f965243 changed=37 sealed=40


EXIT=0
===== R1D =====
PASS R1D source contract 91/91
PASS R1D runtime smoke 13/13
TDT-RESAMPLE-RUNTIME-01-R1D 100 PASS / 8 DEFERRED / 0 FAIL


EXIT=0
===== R3 =====
PASS R3 deterministic fixture generation fixtures=102 sources=39 digest=242439fa4fb35be63af0b7bdf4d9e3337243272a88b40ba6bf0c827152b02ad4
PASS R3 oracle self tests 12/12
PASS R3 fractional phase negative control mismatches=95/102
PASS R3 source contract 26/26
PASS R3 shared source error proof assets=5 modelError=0
PASS R3 zero runtime CPU fallback scan files=1050
PASS R3 bounded runtime smoke 10/10
TDT-RESAMPLE-RUNTIME-01-R3 86 PASS / 2 DEFERRED / 0 FAIL
PASS R3 source seal f2146c51ae77da271f2bc906a2b8d67d79f13a8e6582a84cb998f4f7227cebb0 changed=31 sealed=33


EXIT=0
