
> dadumdadum@1.0.0 verify:native-decoder-01
> node tools/gate-native-decoder-01.mjs

PASS ND01-G001 spec title
PASS ND01-G002 spec exact surface
PASS ND01-G003 spec truth seal
PASS ND01-G004 missing addon truth
PASS ND01-G005 release count zero
PASS ND01-G006 debug count zero
PASS ND01-G007 canonical loader
PASS ND01-G008 path decode hidden
PASS ND01-G009 registry attestation
PASS ND01-G010 package exact addon
PASS ND01-G011 u16 exact source
PASS ND01-G012 metadata source
PASS ND01-G013 limits source
PASS ND01-G014 rust dadum-native-decoder-abi-v1
PASS ND01-G015 rust rgba8unorm-u8-v1
PASS ND01-G016 rust rgba16le-unorm-u16-v1
PASS ND01-G017 rust abi_descriptor
PASS ND01-G018 rust self_test
PASS ND01-G019 rust decode_buffer
PASS ND01-G020 rust parse_png_metadata
PASS ND01-G021 rust parse_jpeg_metadata
PASS ND01-G022 rust parse_webp_metadata
PASS ND01-G023 rust sample.to_le_bytes()
PASS ND01-G024 rust forbidden half::f16
PASS ND01-G025 rust forbidden f16::from_f32
PASS ND01-G026 rust forbidden rgba16float
PASS ND01-G027 loader decoder_rs.win32-x64-msvc.node
PASS ND01-G028 loader REQUIRED_RAW_EXPORTS
PASS ND01-G029 loader artifactSha256
PASS ND01-G030 loader selfTestVerified
PASS ND01-G031 loader E_NATIVE_ADDON_MISSING
PASS ND01-G032 loader decodePath
PASS ND01-G033 loader forbidden findFirstNodeBinary
PASS ND01-G034 loader forbidden target/debug
PASS ND01-G035 loader forbidden target/release
PASS ND01-G036 attestation createNativeDecoderAttestation
PASS ND01-G037 attestation inspectPeBuffer
PASS ND01-G038 attestation 0x8664
PASS ND01-G039 attestation dadum-native-decoder-attestation-v1
PASS ND01-G040 attestation NATIVE_DECODER_REQUIRED_FACADE_EXPORTS
PASS ND01-G041 electron getNativeDecoderAttestation
PASS ND01-G042 electron publicNativeDecoderAttestation
PASS ND01-G043 electron E_NATIVE_DECODER_NOT_ATTESTED
PASS ND01-G044 electron rgba16le-unorm-u16-v1
PASS ND01-G045 electron path IPC absent
PASS ND01-G046 preload path absent
PASS ND01-G047 registry await nativeHost.status()
PASS ND01-G048 registry status.attestationVerified === true
PASS ND01-G049 registry status.abiVersion === 'dadum-native-decoder-abi-v1'
PASS ND01-G050 registry artifactSha256: String(status.artifactSha256)
PASS ND01-G051 stable E_NATIVE_TOOLCHAIN_PROFILE_MISSING
PASS ND01-G052 stable E_NATIVE_RUST_TOOLCHAIN_MISMATCH
PASS ND01-G053 stable E_NATIVE_NAPI_CLI_IDENTITY_MISMATCH
PASS ND01-G054 stable E_NATIVE_CARGO_LOCK_MUTATED
PASS ND01-G055 stable E_NATIVE_NPM_LOCK_MUTATED
PASS ND01-G056 stable E_NATIVE_BUILD_A_FAILED
PASS ND01-G057 stable E_NATIVE_BUILD_B_FAILED
PASS ND01-G058 stable E_NATIVE_BUILD_NONDETERMINISTIC
PASS ND01-G059 stable E_NATIVE_ADDON_MISSING
PASS ND01-G060 stable E_NATIVE_ADDON_MULTIPLE
PASS ND01-G061 stable E_NATIVE_ADDON_UNEXPECTED_NAME
PASS ND01-G062 stable E_NATIVE_ADDON_ARCH_MISMATCH
PASS ND01-G063 stable E_NATIVE_ADDON_DEBUG_BUILD
PASS ND01-G064 stable E_NATIVE_ADDON_SHA_MISMATCH
PASS ND01-G065 stable E_NATIVE_ADDON_IMPORT_POLICY_FAILED
PASS ND01-G066 stable E_NATIVE_ADDON_LOAD_FAILED
PASS ND01-G067 stable E_NATIVE_ABI_EXPORT_MISSING
PASS ND01-G068 stable E_NATIVE_ABI_VERSION_MISMATCH
PASS ND01-G069 stable E_NATIVE_NAPI_FEATURE_MISMATCH
PASS ND01-G070 stable E_NATIVE_SELF_TEST_FAILED
PASS ND01-G071 stable E_NATIVE_ATTESTATION_FAILED
PASS ND01-G072 stable E_NATIVE_INPUT_EMPTY
PASS ND01-G073 stable E_NATIVE_INPUT_TOO_LARGE
PASS ND01-G074 stable E_NATIVE_FORMAT_UNKNOWN
PASS ND01-G075 stable E_NATIVE_FORMAT_HINT_MISMATCH
PASS ND01-G076 stable E_NATIVE_DIMENSION_LIMIT
PASS ND01-G077 stable E_NATIVE_PIXEL_BUDGET_EXCEEDED
PASS ND01-G078 stable E_NATIVE_METADATA_BUDGET_EXCEEDED
PASS ND01-G079 stable E_NATIVE_ANIMATION_UNSUPPORTED
PASS ND01-G080 stable E_NATIVE_DECODE_FAILED
PASS ND01-G081 stable E_NATIVE_OUTPUT_SCHEMA_INVALID
PASS ND01-G082 stable E_NATIVE_OUTPUT_LENGTH_MISMATCH
PASS ND01-G083 stable E_NATIVE_OUTPUT_STORAGE_UNSUPPORTED
PASS ND01-G084 stable E_NATIVE_OUTPUT_DIGEST_MISMATCH
PASS ND01-G085 stable E_NATIVE_PNG16_EXACTNESS_FAILED
PASS ND01-G086 stable E_NATIVE_HIDDEN_RGB_FAILED
PASS ND01-G087 stable E_NATIVE_METADATA_PARSE_FAILED
PASS ND01-G088 stable E_NATIVE_DECODER_UNAVAILABLE
PASS ND01-G089 stable E_NATIVE_DECODER_NOT_ATTESTED
PASS ND01-G090 stable E_NATIVE_DECODER_FALLBACK_FORBIDDEN
PASS ND01-G091 stable E_NATIVE_DECODE_TIMEOUT
PASS ND01-G092 stable E_NATIVE_DECODE_STALE_RESULT
PASS ND01-G093 stable E_NATIVE_PATH_API_FORBIDDEN
PASS ND01-G094 stable E_NATIVE_PACKAGE_CONTENT_MISMATCH
PASS ND01-G095 stable E_NATIVE_PACKAGED_EXECUTION_FAILED
PASS ND01-G096 root CLI exact
PASS ND01-G097 build script exact CLI
PASS ND01-G098 package file exact
PASS ND01-G099 unpack exact
PASS ND01-G100 sealed SOURCE_INPUT
PASS ND01-G101 sealed TOOLCHAIN
PASS ND01-G102 sealed ADDON_ARTIFACT
PASS ND01-G103 sealed ABI
PASS ND01-G104 sealed ATTESTATION
PASS ND01-G105 sealed SELF_TEST
PASS ND01-G106 sealed EXACT_SURFACE
PASS ND01-G107 sealed PNG8
PASS ND01-G108 sealed PNG16
PASS ND01-G109 sealed WEBP
PASS ND01-G110 sealed JPEG
PASS ND01-G111 sealed METADATA
PASS ND01-G112 sealed ICC
PASS ND01-G113 sealed RESOLUTION
PASS ND01-G114 sealed LIMIT
PASS ND01-G115 sealed PACKAGING
PASS ND01-G116 sealed INDEPENDENCE
PASS ND01-G117 sealed BUILD_REPRODUCIBILITY
PASS ND01-G118 sealed PROMOTION_RECEIPT
PASS ND01-G119 sealed FIX_RECEIPT
PASS ND01-G120 ABI closure invariant 120
PASS TDT-NATIVE-DECODER-01 GATES 120/120
